
 ⛅️ wrangler 4.43.0 (update available 4.47.0)
─────────────────────────────────────────────
Total Upload: 134.82 KiB / gzip: 39.21 KiB
Your Worker has access to the following bindings:
Binding                      Resource         
env.DB (chat-cf-db)          D1 Database      
env.ASSETS                   Assets           

--dry-run: exiting now.
